Initialized native services in: C:\Users\HP\.gradle\native
Initialized jansi services in: C:\Users\HP\.gradle\native
The client will now receive all logging from the daemon (pid: 5012). The daemon log file: C:\Users\HP\.gradle\daemon\8.13\daemon-5012.out.log
Starting 18th build in daemon [uptime: 5 hrs 14 mins 13.625 secs, performance: 100%, GC rate: 0.00/s, heap usage: 0% of 2 GiB]
Using 4 worker leases.
Now considering [C:\Users\HP\Desktop\My files\CameraInterceptor] as hierarchies to watch
Watching the file system is configured to be enabled if available
File system watching is active
Starting Build
Settings evaluated using settings file 'C:\Users\HP\Desktop\My files\CameraInterceptor\settings.gradle'.
Using local directory build cache for the root build (location = C:\Users\HP\.gradle\caches\build-cache-1, remove unused entries = after 7 days).
Projects loaded. Root project using build file 'C:\Users\HP\Desktop\My files\CameraInterceptor\build.gradle'.
Included projects: [root project 'CameraInterceptor', project ':app']

> Configure project :
Evaluating root project 'CameraInterceptor' using build file 'C:\Users\HP\Desktop\My files\CameraInterceptor\build.gradle'.

> Configure project :app
Evaluating project ':app' using build file 'C:\Users\HP\Desktop\My files\CameraInterceptor\app\build.gradle'.
Resolved plugin [id: 'com.android.application']
Using default execution profile
C/C++: android.ndkVersion from module build.gradle is [25.1.8937393]
C/C++: android.ndkPath from module build.gradle is not set
C/C++: ndk.dir in local.properties is not set
C/C++: Not considering ANDROID_NDK_HOME because support was removed after deprecation period.
C/C++: sdkFolder is C:\android_sdk
C/C++: android.ndkVersion from module build.gradle is [25.1.8937393]
C/C++: android.ndkPath from module build.gradle is not set
C/C++: ndk.dir in local.properties is not set
C/C++: Not considering ANDROID_NDK_HOME because support was removed after deprecation period.
C/C++: sdkFolder is C:\android_sdk
C/C++: android.ndkVersion from module build.gradle is [25.1.8937393]
C/C++: android.ndkPath from module build.gradle is not set
C/C++: ndk.dir in local.properties is not set
C/C++: Not considering ANDROID_NDK_HOME because support was removed after deprecation period.
C/C++: sdkFolder is C:\android_sdk
C/C++: android.ndkVersion from module build.gradle is [25.1.8937393]
C/C++: android.ndkPath from module build.gradle is not set
C/C++: ndk.dir in local.properties is not set
C/C++: Not considering ANDROID_NDK_HOME because support was removed after deprecation period.
C/C++: sdkFolder is C:\android_sdk
C/C++: android.ndkVersion from module build.gradle is [25.1.8937393]
C/C++: android.ndkPath from module build.gradle is not set
C/C++: ndk.dir in local.properties is not set
C/C++: Not considering ANDROID_NDK_HOME because support was removed after deprecation period.
C/C++: sdkFolder is C:\android_sdk
C/C++: android.ndkVersion from module build.gradle is [25.1.8937393]
C/C++: android.ndkPath from module build.gradle is not set
C/C++: ndk.dir in local.properties is not set
C/C++: Not considering ANDROID_NDK_HOME because support was removed after deprecation period.
C/C++: sdkFolder is C:\android_sdk
C/C++: android.ndkVersion from module build.gradle is [25.1.8937393]
C/C++: android.ndkPath from module build.gradle is not set
C/C++: ndk.dir in local.properties is not set
C/C++: Not considering ANDROID_NDK_HOME because support was removed after deprecation period.
C/C++: sdkFolder is C:\android_sdk
C/C++: android.ndkVersion from module build.gradle is [25.1.8937393]
C/C++: android.ndkPath from module build.gradle is not set
C/C++: ndk.dir in local.properties is not set
C/C++: Not considering ANDROID_NDK_HOME because support was removed after deprecation period.
C/C++: sdkFolder is C:\android_sdk
C/C++: android.ndkVersion from module build.gradle is [25.1.8937393]
C/C++: android.ndkPath from module build.gradle is not set
C/C++: ndk.dir in local.properties is not set
C/C++: Not considering ANDROID_NDK_HOME because support was removed after deprecation period.
C/C++: sdkFolder is C:\android_sdk
C/C++: android.ndkVersion from module build.gradle is [25.1.8937393]
C/C++: android.ndkPath from module build.gradle is not set
C/C++: ndk.dir in local.properties is not set
C/C++: Not considering ANDROID_NDK_HOME because support was removed after deprecation period.
C/C++: sdkFolder is C:\android_sdk
C/C++: android.ndkVersion from module build.gradle is [25.1.8937393]
C/C++: android.ndkPath from module build.gradle is not set
C/C++: ndk.dir in local.properties is not set
C/C++: Not considering ANDROID_NDK_HOME because support was removed after deprecation period.
C/C++: sdkFolder is C:\android_sdk
All projects evaluated.
Task name matched 'test'
Selected primary task 'test' from project :
Tasks to be executed: [task ':app:preBuild', task ':app:preDebugBuild', task ':app:javaPreCompileDebug', task ':app:checkDebugAarMetadata', task ':app:generateDebugResValues', task ':app:mapDebugSourceSetPaths', task ':app:generateDebugResources', task ':app:mergeDebugResources', task ':app:packageDebugResources', task ':app:parseDebugLocalResources', task ':app:createDebugCompatibleScreenManifests', task ':app:extractDeepLinksDebug', task ':app:processDebugMainManifest', task ':app:processDebugManifest', task ':app:processDebugManifestForPackage', task ':app:processDebugResources', task ':app:compileDebugJavaWithJavac', task ':app:bundleDebugClassesToRuntimeJar', task ':app:bundleDebugClassesToCompileJar', task ':app:preDebugUnitTestBuild', task ':app:javaPreCompileDebugUnitTest', task ':app:compileDebugUnitTestJavaWithJavac', task ':app:processDebugJavaRes', task ':app:processDebugUnitTestJavaRes', task ':app:testDebugUnitTest', task ':app:preReleaseBuild', task ':app:javaPreCompileRelease', task ':app:checkReleaseAarMetadata', task ':app:generateReleaseResValues', task ':app:mapReleaseSourceSetPaths', task ':app:generateReleaseResources', task ':app:mergeReleaseResources', task ':app:packageReleaseResources', task ':app:parseReleaseLocalResources', task ':app:createReleaseCompatibleScreenManifests', task ':app:extractDeepLinksRelease', task ':app:processReleaseMainManifest', task ':app:processReleaseManifest', task ':app:processReleaseManifestForPackage', task ':app:processReleaseResources', task ':app:compileReleaseJavaWithJavac', task ':app:bundleReleaseClassesToRuntimeJar', task ':app:bundleReleaseClassesToCompileJar', task ':app:preReleaseUnitTestBuild', task ':app:javaPreCompileReleaseUnitTest', task ':app:compileReleaseUnitTestJavaWithJavac', task ':app:processReleaseJavaRes', task ':app:processReleaseUnitTestJavaRes', task ':app:testReleaseUnitTest', task ':app:test']
Tasks that were excluded: []
Resolve mutations for :app:preBuild (Thread[Execution worker,5,main]) started.
:app:preBuild (Thread[Execution worker,5,main]) started.

> Task :app:preBuild UP-TO-DATE
Skipping task ':app:preBuild' as it has no actions.
Resolve mutations for :app:preDebugBuild (Thread[Execution worker,5,main]) started.
:app:preDebugBuild (Thread[Execution worker,5,main]) started.

> Task :app:preDebugBuild UP-TO-DATE
Skipping task ':app:preDebugBuild' as it has no actions.
Resolve mutations for :app:javaPreCompileDebug (Thread[Execution worker,5,main]) started.
:app:javaPreCompileDebug (Thread[Execution worker,5,main]) started.

> Task :app:javaPreCompileDebug UP-TO-DATE
Build cache key for task ':app:javaPreCompileDebug' is ddd20041471754ce946f79af653de661
Skipping task ':app:javaPreCompileDebug' as it is up-to-date.
Resolve mutations for :app:checkDebugAarMetadata (Thread[Execution worker,5,main]) started.
:app:checkDebugAarMetadata (Thread[Execution worker,5,main]) started.

> Task :app:checkDebugAarMetadata UP-TO-DATE
Caching disabled for task ':app:checkDebugAarMetadata' because:
  Caching has been disabled for the task
Skipping task ':app:checkDebugAarMetadata' as it is up-to-date.
Resolve mutations for :app:generateDebugResValues (Thread[Execution worker,5,main]) started.
:app:generateDebugResValues (Thread[Execution worker,5,main]) started.

> Task :app:generateDebugResValues UP-TO-DATE
Build cache key for task ':app:generateDebugResValues' is e4968ed2b2767741ad558432fd8eef13
Skipping task ':app:generateDebugResValues' as it is up-to-date.
Resolve mutations for :app:mapDebugSourceSetPaths (Thread[Execution worker,5,main]) started.
:app:mapDebugSourceSetPaths (Thread[Execution worker,5,main]) started.

> Task :app:mapDebugSourceSetPaths UP-TO-DATE
Caching disabled for task ':app:mapDebugSourceSetPaths' because:
  Caching has been disabled for the task
Skipping task ':app:mapDebugSourceSetPaths' as it is up-to-date.
Resolve mutations for :app:generateDebugResources (Thread[Execution worker,5,main]) started.
:app:generateDebugResources (Thread[Execution worker,5,main]) started.

> Task :app:generateDebugResources UP-TO-DATE
Skipping task ':app:generateDebugResources' as it has no actions.
Resolve mutations for :app:mergeDebugResources (Thread[Execution worker,5,main]) started.
:app:mergeDebugResources (Thread[Execution worker,5,main]) started.

> Task :app:mergeDebugResources UP-TO-DATE
Build cache key for task ':app:mergeDebugResources' is 197501090cc9f1fd6314b9b944581517
Skipping task ':app:mergeDebugResources' as it is up-to-date.
Resolve mutations for :app:packageDebugResources (Thread[Execution worker,5,main]) started.
:app:packageDebugResources (Thread[Execution worker,5,main]) started.

> Task :app:packageDebugResources UP-TO-DATE
Build cache key for task ':app:packageDebugResources' is 172e427fb799109c8e7fe0033485799b
Skipping task ':app:packageDebugResources' as it is up-to-date.
Resolve mutations for :app:parseDebugLocalResources (Thread[Execution worker,5,main]) started.
:app:parseDebugLocalResources (Thread[Execution worker,5,main]) started.

> Task :app:parseDebugLocalResources UP-TO-DATE
Build cache key for task ':app:parseDebugLocalResources' is 0d2099fd029072c6eb9e375a05508041
Skipping task ':app:parseDebugLocalResources' as it is up-to-date.
Resolve mutations for :app:createDebugCompatibleScreenManifests (Thread[Execution worker,5,main]) started.
:app:createDebugCompatibleScreenManifests (Thread[Execution worker,5,main]) started.

> Task :app:createDebugCompatibleScreenManifests UP-TO-DATE
Caching disabled for task ':app:createDebugCompatibleScreenManifests' because:
  Caching has been disabled for the task
Skipping task ':app:createDebugCompatibleScreenManifests' as it is up-to-date.
Resolve mutations for :app:extractDeepLinksDebug (Thread[Execution worker,5,main]) started.
:app:extractDeepLinksDebug (Thread[Execution worker,5,main]) started.

> Task :app:extractDeepLinksDebug UP-TO-DATE
Build cache key for task ':app:extractDeepLinksDebug' is e5ca16cc1fd0f0d40f929e96f2abb378
Skipping task ':app:extractDeepLinksDebug' as it is up-to-date.
Resolve mutations for :app:processDebugMainManifest (Thread[Execution worker,5,main]) started.
:app:processDebugMainManifest (Thread[Execution worker,5,main]) started.

> Task :app:processDebugMainManifest UP-TO-DATE
Build cache key for task ':app:processDebugMainManifest' is 013270d9875126f0d02580b14001d5cc
Skipping task ':app:processDebugMainManifest' as it is up-to-date.
Resolve mutations for :app:processDebugManifest (Thread[Execution worker,5,main]) started.
:app:processDebugManifest (Thread[Execution worker,5,main]) started.

> Task :app:processDebugManifest UP-TO-DATE
Build cache key for task ':app:processDebugManifest' is 5988670f21d7b8701ea0d04c4b631e5b
Skipping task ':app:processDebugManifest' as it is up-to-date.
Resolve mutations for :app:processDebugManifestForPackage (Thread[Execution worker,5,main]) started.
:app:processDebugManifestForPackage (Thread[Execution worker,5,main]) started.

> Task :app:processDebugManifestForPackage UP-TO-DATE
Custom actions are attached to task ':app:processDebugManifestForPackage'.
Build cache key for task ':app:processDebugManifestForPackage' is 32c8005dd17d5d760fc77064a0b06e30
Skipping task ':app:processDebugManifestForPackage' as it is up-to-date.
Resolve mutations for :app:processDebugResources (Thread[Execution worker,5,main]) started.
:app:processDebugResources (Thread[Execution worker,5,main]) started.

> Task :app:processDebugResources UP-TO-DATE
Build cache key for task ':app:processDebugResources' is 36ba4de2ea4264fd3319d650b9814f4c
Skipping task ':app:processDebugResources' as it is up-to-date.
Resolve mutations for :app:compileDebugJavaWithJavac (Thread[Execution worker,5,main]) started.
:app:compileDebugJavaWithJavac (Thread[Execution worker,5,main]) started.

> Task :app:compileDebugJavaWithJavac UP-TO-DATE
Custom actions are attached to task ':app:compileDebugJavaWithJavac'.
Build cache key for task ':app:compileDebugJavaWithJavac' is 4f575c56299d9b4a7703a304434967e1
Skipping task ':app:compileDebugJavaWithJavac' as it is up-to-date.
Resolve mutations for :app:bundleDebugClassesToRuntimeJar (Thread[Execution worker,5,main]) started.
:app:bundleDebugClassesToRuntimeJar (Thread[Execution worker,5,main]) started.

> Task :app:bundleDebugClassesToRuntimeJar UP-TO-DATE
Caching disabled for task ':app:bundleDebugClassesToRuntimeJar' because:
  Caching has been disabled for the task
Skipping task ':app:bundleDebugClassesToRuntimeJar' as it is up-to-date.
work action resolve classes.jar (project :app) (Thread[Execution worker,5,main]) started.
Resolve mutations for :app:bundleDebugClassesToCompileJar (Thread[Execution worker,5,main]) started.
:app:bundleDebugClassesToCompileJar (Thread[Execution worker,5,main]) started.

> Task :app:bundleDebugClassesToCompileJar UP-TO-DATE
Caching disabled for task ':app:bundleDebugClassesToCompileJar' because:
  Caching has been disabled for the task
Skipping task ':app:bundleDebugClassesToCompileJar' as it is up-to-date.
work action resolve classes.jar (project :app) (Thread[Execution worker,5,main]) started.
Resolve mutations for :app:preDebugUnitTestBuild (Thread[Execution worker,5,main]) started.
:app:preDebugUnitTestBuild (Thread[Execution worker Thread 3,5,main]) started.

> Task :app:preDebugUnitTestBuild UP-TO-DATE
Skipping task ':app:preDebugUnitTestBuild' as it has no actions.
Resolve mutations for :app:javaPreCompileDebugUnitTest (Thread[Execution worker Thread 3,5,main]) started.
:app:javaPreCompileDebugUnitTest (Thread[Execution worker Thread 3,5,main]) started.

> Task :app:javaPreCompileDebugUnitTest UP-TO-DATE
Build cache key for task ':app:javaPreCompileDebugUnitTest' is ddd20041471754ce946f79af653de661
Skipping task ':app:javaPreCompileDebugUnitTest' as it is up-to-date.
Resolve mutations for :app:compileDebugUnitTestJavaWithJavac (Thread[Execution worker Thread 3,5,main]) started.
:app:compileDebugUnitTestJavaWithJavac (Thread[Execution worker Thread 3,5,main]) started.

> Task :app:compileDebugUnitTestJavaWithJavac UP-TO-DATE
Custom actions are attached to task ':app:compileDebugUnitTestJavaWithJavac'.
Build cache key for task ':app:compileDebugUnitTestJavaWithJavac' is 479030d87d7cca2b9d72020a2264addf
Skipping task ':app:compileDebugUnitTestJavaWithJavac' as it is up-to-date.
Resolve mutations for :app:processDebugJavaRes (Thread[Execution worker Thread 3,5,main]) started.
:app:processDebugJavaRes (Thread[Execution worker Thread 3,5,main]) started.

> Task :app:processDebugJavaRes NO-SOURCE
file or directory 'C:\Users\HP\Desktop\My files\CameraInterceptor\app\src\main\resources', not found
file or directory 'C:\Users\HP\Desktop\My files\CameraInterceptor\app\src\debug\resources', not found
Skipping task ':app:processDebugJavaRes' as it has no source files and no previous output files.
work action resolve out (project :app) (Thread[Execution worker Thread 3,5,main]) started.
Resolve mutations for :app:processDebugUnitTestJavaRes (Thread[Execution worker Thread 3,5,main]) started.
:app:processDebugUnitTestJavaRes (Thread[Execution worker Thread 3,5,main]) started.

> Task :app:processDebugUnitTestJavaRes NO-SOURCE
file or directory 'C:\Users\HP\Desktop\My files\CameraInterceptor\app\src\test\resources', not found
file or directory 'C:\Users\HP\Desktop\My files\CameraInterceptor\app\src\testDebug\resources', not found
Skipping task ':app:processDebugUnitTestJavaRes' as it has no source files and no previous output files.
Resolve mutations for :app:testDebugUnitTest (Thread[Execution worker Thread 3,5,main]) started.
:app:testDebugUnitTest (Thread[Execution worker Thread 3,5,main]) started.
Gradle Test Executor 4 started executing tests.
Gradle Test Executor 4 finished executing tests.

> Task :app:testDebugUnitTest FAILED
Build cache key for task ':app:testDebugUnitTest' is 79837e2c026914ef34685397c9f89e35
Task ':app:testDebugUnitTest' is not up-to-date because:
  Task has failed previously.
Starting process 'Gradle Test Executor 4'. Working directory: C:\Users\HP\Desktop\My files\CameraInterceptor\app Command: C:\jdk-17.0.11+9\bin\java.exe -Djava.awt.headless=true -Dorg.gradle.internal.worker.tmpdir=C:\Users\HP\Desktop\My files\CameraInterceptor\app\build\tmp\testDebugUnitTest\work @C:\Users\HP\.gradle\.tmp\gradle-worker-classpath16859100401329140406txt -Xmx512m -Dfile.encoding=UTF-8 -Duser.country=US -Duser.language=en -Duser.variant -ea worker.org.gradle.process.internal.worker.GradleWorkerMain 'Gradle Test Executor 4'
Successfully started process 'Gradle Test Executor 4'

NativeImageProcessorTest > testLibraryLoadingLogic FAILED
    java.lang.ExceptionInInitializerError
        at java.base/java.lang.Class.forName0(Native Method)
        at java.base/java.lang.Class.forName(Class.java:375)
        at com.camerainterceptor.processor.NativeImageProcessorTest.testLibraryLoadingLogic(NativeImageProcessorTest.java:26)

        Caused by:
        java.lang.RuntimeException: Method println in android.util.Log not mocked. See https://developer.android.com/r/studio-ui/build/not-mocked for details.
            at android.util.Log.println(Log.java)
            at com.camerainterceptor.utils.Logger.log(Logger.java:196)
            at com.camerainterceptor.utils.Logger.e(Logger.java:165)
            at com.camerainterceptor.processor.NativeImageProcessor.<clinit>(NativeImageProcessor.java:18)
            ... 3 more

5 tests completed, 1 failed
Finished generating test XML results (0.011 secs) into: C:\Users\HP\Desktop\My files\CameraInterceptor\app\build\test-results\testDebugUnitTest
Generating HTML test report...
Finished generating test html results (0.018 secs) into: C:\Users\HP\Desktop\My files\CameraInterceptor\app\build\reports\tests\testDebugUnitTest

[Incubating] Problems report is available at: file:///C:/Users/HP/Desktop/My%20files/CameraInterceptor/build/reports/problems/problems-report.html

FAILURE: Build failed with an exception.

* What went wrong:
Execution failed for task ':app:testDebugUnitTest'.
> There were failing tests. See the report at: file:///C:/Users/HP/Desktop/My%20files/CameraInterceptor/app/build/reports/tests/testDebugUnitTest/index.html

* Try:
> Run with --scan to get full insights.

Deprecated Gradle features were used in this build, making it incompatible with Gradle 9.0.

You can use '--warning-mode all' to show the individual deprecation warnings and determine if they come from your own scripts or plugins.

For more on this, please refer to https://docs.gradle.org/8.13/userguide/command_line_interface.html#sec:command_line_warnings in the Gradle documentation.

BUILD FAILED in 4s
19 actionable tasks: 1 executed, 18 up-to-date
Watched directory hierarchies: [C:\Users\HP\Desktop\My files\CameraInterceptor]
